&&&& RUNNING TensorRT.trtexec [TensorRT v101401] [b48] # trtexec --onnx=/app/model/yolov8s_seg_metal_nut.onnx --saveEngine=/app/benchmarks/engines/yolov8s_seg_metal_nut_dynamic_b4.engine --timingCacheFile=/app/benchmarks/engines/timing.cache --fp16 --minShapes=images:1x3x640x640 --optShapes=images:4x3x640x640 --maxShapes=images:4x3x640x640 --memPoolSize=workspace:4096M --noDataTransfers --useCudaGraph
[05/10/2026-09:23:59] [W] Weakly-typed networks have been deprecated in TensorRT. You can use the AutoCast tool (https://nvidia.github.io/TensorRT-Model-Optimizer/guides/8_autocast.html) to convert the network to be strongly typed.
[05/10/2026-09:23:59] [I] === Model Options ===
[05/10/2026-09:23:59] [I] Format: ONNX
[05/10/2026-09:23:59] [I] Model: /app/model/yolov8s_seg_metal_nut.onnx
[05/10/2026-09:23:59] [I] Output:
[05/10/2026-09:23:59] [I] === Build Options ===
[05/10/2026-09:23:59] [I] Memory Pools: workspace: 4096 MiB, dlaSRAM: default, dlaLocalDRAM: default, dlaGlobalDRAM: default, tacticSharedMem: default
[05/10/2026-09:23:59] [I] avgTiming: 8
[05/10/2026-09:23:59] [I] Precision: FP32+FP16
[05/10/2026-09:23:59] [I] LayerPrecisions: 
[05/10/2026-09:23:59] [I] Layer Device Types: 
[05/10/2026-09:23:59] [I] Decomposable Attentions: 
[05/10/2026-09:23:59] [I] Calibration: 
[05/10/2026-09:23:59] [I] Refit: Disabled
[05/10/2026-09:23:59] [I] Strip weights: Disabled
[05/10/2026-09:23:59] [I] Version Compatible: Disabled
[05/10/2026-09:23:59] [I] ONNX Plugin InstanceNorm: Disabled
[05/10/2026-09:23:59] [I] ONNX kENABLE_UINT8_AND_ASYMMETRIC_QUANTIZATION_DLA flag: Disabled
[05/10/2026-09:23:59] [I] TensorRT runtime: full
[05/10/2026-09:23:59] [I] Lean DLL Path: 
[05/10/2026-09:23:59] [I] Tempfile Controls: { in_memory: allow, temporary: allow }
[05/10/2026-09:23:59] [I] Exclude Lean Runtime: Disabled
[05/10/2026-09:23:59] [I] Sparsity: Disabled
[05/10/2026-09:23:59] [I] Safe mode: Disabled
[05/10/2026-09:23:59] [I] Build DLA standalone loadable: Disabled
[05/10/2026-09:23:59] [I] Allow GPU fallback for DLA: Disabled
[05/10/2026-09:23:59] [I] DirectIO mode: Disabled
[05/10/2026-09:23:59] [I] Restricted mode: Disabled
[05/10/2026-09:23:59] [I] Skip inference: Disabled
[05/10/2026-09:23:59] [I] Save engine: /app/benchmarks/engines/yolov8s_seg_metal_nut_dynamic_b4.engine
[05/10/2026-09:23:59] [I] Load engine: 
[05/10/2026-09:23:59] [I] Profiling verbosity: 0
[05/10/2026-09:23:59] [I] Tactic sources: Using default tactic sources
[05/10/2026-09:23:59] [I] timingCacheMode: global
[05/10/2026-09:23:59] [I] timingCacheFile: /app/benchmarks/engines/timing.cache
[05/10/2026-09:23:59] [I] Enable Compilation Cache: Enabled
[05/10/2026-09:23:59] [I] Enable Monitor Memory: Disabled
[05/10/2026-09:23:59] [I] errorOnTimingCacheMiss: Disabled
[05/10/2026-09:23:59] [I] Preview Features: Use default preview flags.
[05/10/2026-09:23:59] [I] MaxAuxStreams: -1
[05/10/2026-09:23:59] [I] BuilderOptimizationLevel: -1
[05/10/2026-09:23:59] [I] MaxTactics: -1
[05/10/2026-09:23:59] [I] Calibration Profile Index: 0
[05/10/2026-09:23:59] [I] Weight Streaming: Disabled
[05/10/2026-09:23:59] [I] Runtime Platform: Same As Build
[05/10/2026-09:23:59] [I] Debug Tensors: 
[05/10/2026-09:23:59] [I] Distributive Independence: Disabled
[05/10/2026-09:23:59] [I] Mark Unfused Tensors As Debug Tensors: Disabled
[05/10/2026-09:23:59] [I] Input(s)s format: fp32:CHW
[05/10/2026-09:23:59] [I] Output(s)s format: fp32:CHW
[05/10/2026-09:23:59] [I] Input build shape (profile 0): images=1x3x640x640+4x3x640x640+4x3x640x640
[05/10/2026-09:23:59] [I] Input calibration shapes: model
[05/10/2026-09:23:59] [I] === System Options ===
[05/10/2026-09:23:59] [I] Device: 0
[05/10/2026-09:23:59] [I] DLACore: 
[05/10/2026-09:23:59] [I] Plugins:
[05/10/2026-09:23:59] [I] setPluginsToSerialize:
[05/10/2026-09:23:59] [I] dynamicPlugins:
[05/10/2026-09:23:59] [I] ignoreParsedPluginLibs: 0
[05/10/2026-09:23:59] [I] 
[05/10/2026-09:23:59] [I] === Inference Options ===
[05/10/2026-09:23:59] [I] Batch: Explicit
[05/10/2026-09:23:59] [I] Input inference shape : images=4x3x640x640
[05/10/2026-09:23:59] [I] Iterations: 10
[05/10/2026-09:23:59] [I] Duration: 3s (+ 200ms warm up)
[05/10/2026-09:23:59] [I] Sleep time: 0ms
[05/10/2026-09:23:59] [I] Idle time: 0ms
[05/10/2026-09:23:59] [I] Inference Streams: 1
[05/10/2026-09:23:59] [I] ExposeDMA: Disabled
[05/10/2026-09:23:59] [I] Data transfers: Disabled
[05/10/2026-09:23:59] [I] Spin-wait: Disabled
[05/10/2026-09:23:59] [I] Multithreading: Disabled
[05/10/2026-09:23:59] [I] CUDA Graph: Enabled
[05/10/2026-09:23:59] [I] Separate profiling: Disabled
[05/10/2026-09:23:59] [I] Time Deserialize: Disabled
[05/10/2026-09:23:59] [I] Time Refit: Disabled
[05/10/2026-09:23:59] [I] NVTX verbosity: 0
[05/10/2026-09:23:59] [I] Persistent Cache Ratio: 0
[05/10/2026-09:23:59] [I] Optimization Profile Index: 0
[05/10/2026-09:23:59] [I] Weight Streaming Budget: 100.000000%
[05/10/2026-09:23:59] [I] Inputs:
[05/10/2026-09:23:59] [I] Debug Tensor Save Destinations:
[05/10/2026-09:23:59] [I] Dump All Debug Tensor in Formats: 
[05/10/2026-09:23:59] [I] === Reporting Options ===
[05/10/2026-09:23:59] [I] Verbose: Disabled
[05/10/2026-09:23:59] [I] Averages: 10 inferences
[05/10/2026-09:23:59] [I] Percentiles: 90,95,99
[05/10/2026-09:23:59] [I] Dump refittable layers:Disabled
[05/10/2026-09:23:59] [I] Dump output: Disabled
[05/10/2026-09:23:59] [I] Profile: Disabled
[05/10/2026-09:23:59] [I] Export timing to JSON file: 
[05/10/2026-09:23:59] [I] Export output to JSON file: 
[05/10/2026-09:23:59] [I] Export profile to JSON file: 
[05/10/2026-09:23:59] [I] 
[05/10/2026-09:23:59] [I] === Device Information ===
[05/10/2026-09:23:59] [I] Available Devices: 
[05/10/2026-09:23:59] [I]   Device 0: "NVIDIA L4" UUID: GPU-e4cf6d38-1825-4d65-14c5-e0384088aba7
[05/10/2026-09:23:59] [I] Selected Device: NVIDIA L4
[05/10/2026-09:23:59] [I] Selected Device ID: 0
[05/10/2026-09:23:59] [I] Selected Device UUID: GPU-e4cf6d38-1825-4d65-14c5-e0384088aba7
[05/10/2026-09:23:59] [I] Compute Capability: 8.9
[05/10/2026-09:23:59] [I] SMs: 58
[05/10/2026-09:23:59] [I] Device Global Memory: 22565 MiB
[05/10/2026-09:23:59] [I] Shared Memory per SM: 100 KiB
[05/10/2026-09:23:59] [I] Memory Bus Width: 192 bits (ECC enabled)
[05/10/2026-09:23:59] [I] Application Compute Clock Rate: 2.04 GHz
[05/10/2026-09:23:59] [I] Application Memory Clock Rate: 6.251 GHz
[05/10/2026-09:23:59] [I] 
[05/10/2026-09:23:59] [I] Note: The application clock rates do not reflect the actual clock rates that the GPU is currently running at.
[05/10/2026-09:23:59] [I] 
[05/10/2026-09:23:59] [I] TensorRT version: 10.14.1
[05/10/2026-09:23:59] [I] Loading standard plugins
[05/10/2026-09:24:02] [I] [TRT] [MemUsageChange] Init CUDA: CPU +0, GPU +0, now: CPU 27, GPU 194 (MiB)
[05/10/2026-09:24:02] [I] Start parsing network model.
[05/10/2026-09:24:03] [I] [TRT] ----------------------------------------------------------------
[05/10/2026-09:24:03] [I] [TRT] Input filename:   /app/model/yolov8s_seg_metal_nut.onnx
[05/10/2026-09:24:03] [I] [TRT] ONNX IR version:  0.0.8
[05/10/2026-09:24:03] [I] [TRT] Opset version:    17
[05/10/2026-09:24:03] [I] [TRT] Producer name:    pytorch
[05/10/2026-09:24:03] [I] [TRT] Producer version: 2.11.0
[05/10/2026-09:24:03] [I] [TRT] Domain:           
[05/10/2026-09:24:03] [I] [TRT] Model version:    0
[05/10/2026-09:24:03] [I] [TRT] Doc string:       
[05/10/2026-09:24:03] [I] [TRT] ----------------------------------------------------------------
[05/10/2026-09:24:03] [I] Finished parsing network model. Parse time: 0.277589
[05/10/2026-09:24:03] [I] Set shape of input tensor images for optimization profile 0 to: MIN=1x3x640x640 OPT=4x3x640x640 MAX=4x3x640x640
[05/10/2026-09:24:03] [I] [TRT] Loaded 768342 bytes of cache from file: /app/benchmarks/engines/timing.cache
[05/10/2026-09:24:04] [I] [TRT] [MemUsageChange] Init builder kernel library: CPU +203, GPU +4, now: CPU 548, GPU 198 (MiB)
[05/10/2026-09:24:04] [I] [TRT] Global timing cache in use. Profiling results in this builder pass will be stored.
[05/10/2026-09:24:06] [I] [TRT] Detected 1 inputs and 5 output network tensors.
[05/10/2026-09:24:12] [I] [TRT] Total Host Persistent Memory: 444112 bytes
[05/10/2026-09:24:12] [I] [TRT] Total Device Persistent Memory: 103936 bytes
[05/10/2026-09:24:12] [I] [TRT] Max Scratch Memory: 0 bytes
[05/10/2026-09:24:12] [I] [TRT] [BlockAssignment] Started assigning block shifts. This will take 196 steps to complete.
[05/10/2026-09:24:12] [I] [TRT] [BlockAssignment] Algorithm ShiftNTopDown took 24.4074ms to assign 12 blocks to 196 nodes requiring 71507456 bytes.
[05/10/2026-09:24:12] [I] [TRT] Total Activation Memory: 71506432 bytes
[05/10/2026-09:24:12] [I] [TRT] Total Weights Memory: 23593984 bytes
[05/10/2026-09:24:12] [I] [TRT] Engine generation completed in 8.76542 seconds.
[05/10/2026-09:24:12] [I] [TRT] [MemUsageStats] Peak memory usage of TRT CPU/GPU memory allocators: CPU 2 MiB, GPU 29 MiB
[05/10/2026-09:24:13] [I] Created engine with size: 25.0085 MiB
[05/10/2026-09:24:13] [I] Engine built in 9.94605 sec.
[05/10/2026-09:24:13] [I] [TRT] Loaded 768342 bytes of cache from file: /app/benchmarks/engines/timing.cache
[05/10/2026-09:24:13] [I] [TRT] Serialized 27 bytes of code generator cache.
[05/10/2026-09:24:13] [I] [TRT] Serialized 3 bytes of compilation cache.
[05/10/2026-09:24:13] [I] [TRT] Serialized 7386 timing cache entries
[05/10/2026-09:24:13] [I] [TRT] Saved 768342 bytes of timing cache to /app/benchmarks/engines/timing.cache
[05/10/2026-09:24:13] [I] [TRT] Loaded engine size: 25 MiB
[05/10/2026-09:24:13] [I] Engine deserialized in 0.0388515 sec.
[05/10/2026-09:24:13] [I] [TRT] [MemUsageChange] TensorRT-managed allocation in IExecutionContext creation: CPU +0, GPU +68, now: CPU 0, GPU 90 (MiB)
[05/10/2026-09:24:13] [I] Setting persistentCacheLimit to 0 bytes.
[05/10/2026-09:24:13] [I] Set shape of input tensor images to: 4x3x640x640
[05/10/2026-09:24:13] [I] Created execution context with device memory size: 68.1938 MiB
[05/10/2026-09:24:13] [I] Using random values for input images
[05/10/2026-09:24:13] [I] Input binding for images with dimensions 4x3x640x640 is created.
[05/10/2026-09:24:13] [I] Output binding for output0 with dimensions 4x37x8400 is created.
[05/10/2026-09:24:13] [I] Output binding for output1 with dimensions 4x32x160x160 is created.
[05/10/2026-09:24:13] [I] Starting inference
[05/10/2026-09:24:13] [I] Capturing CUDA graph for the current execution context
[05/10/2026-09:24:13] [I] Successfully captured CUDA graph for the current execution context
[05/10/2026-09:24:16] [I] Warmup completed 31 queries over 200 ms
[05/10/2026-09:24:16] [I] Timing trace has 627 queries over 3.01195 s
[05/10/2026-09:24:16] [I] 
[05/10/2026-09:24:16] [I] === Trace details ===
[05/10/2026-09:24:16] [I] Trace averages of 10 runs:
[05/10/2026-09:24:16] [I] Average on 10 runs - GPU latency: 4.70784 ms - Host latency: 4.70784 ms (enqueue 0.00476074 ms)
[05/10/2026-09:24:16] [I] Average on 10 runs - GPU latency: 4.7234 ms - Host latency: 4.7234 ms (enqueue 0.00449371 ms)
[05/10/2026-09:24:16] [I] Average on 10 runs - GPU latency: 4.72197 ms - Host latency: 4.72197 ms (enqueue 0.00430298 ms)
[05/10/2026-09:24:16] [I] Average on 10 runs - GPU latency: 4.71019 ms - Host latency: 4.71019 ms (enqueue 0.00472107 ms)
[05/10/2026-09:24:16] [I] Average on 10 runs - GPU latency: 4.7187 ms - Host latency: 4.7187 ms (enqueue 0.00429993 ms)
[05/10/2026-09:24:16] [I] Average on 10 runs - GPU latency: 4.71347 ms - Host latency: 4.71347 ms (enqueue 0.00404358 ms)
[05/10/2026-09:24:16] [I] Average on 10 runs - GPU latency: 4.72545 ms - Host latency: 4.72545 ms (enqueue 0.00446472 ms)
[05/10/2026-09:24:16] [I] Average on 10 runs - GPU latency: 4.70425 ms - Host latency: 4.70425 ms (enqueue 0.00383301 ms)
[05/10/2026-09:24:16] [I] Average on 10 runs - GPU latency: 4.72525 ms - Host latency: 4.72525 ms (enqueue 0.00474243 ms)
[05/10/2026-09:24:16] [I] Average on 10 runs - GPU latency: 4.72453 ms - Host latency: 4.72453 ms (enqueue 0.00428467 ms)
[05/10/2026-09:24:16] [I] Average on 10 runs - GPU latency: 4.70569 ms - Host latency: 4.70569 ms (enqueue 0.00430298 ms)
[05/10/2026-09:24:16] [I] Average on 10 runs - GPU latency: 4.70815 ms - Host latency: 4.70815 ms (enqueue 0.00411377 ms)
[05/10/2026-09:24:16] [I] Average on 10 runs - GPU latency: 4.72607 ms - Host latency: 4.72607 ms (enqueue 0.00443726 ms)
[05/10/2026-09:24:16] [I] Average on 10 runs - GPU latency: 4.70405 ms - Host latency: 4.70405 ms (enqueue 0.00440063 ms)
[05/10/2026-09:24:16] [I] Average on 10 runs - GPU latency: 4.89084 ms - Host latency: 4.89084 ms (enqueue 0.00615845 ms)
[05/10/2026-09:24:16] [I] Average on 10 runs - GPU latency: 4.90947 ms - Host latency: 4.90947 ms (enqueue 0.0041687 ms)
[05/10/2026-09:24:16] [I] Average on 10 runs - GPU latency: 4.89891 ms - Host latency: 4.89891 ms (enqueue 0.00453491 ms)
[05/10/2026-09:24:16] [I] Average on 10 runs - GPU latency: 4.90099 ms - Host latency: 4.90099 ms (enqueue 0.00405273 ms)
[05/10/2026-09:24:16] [I] Average on 10 runs - GPU latency: 4.90742 ms - Host latency: 4.90742 ms (enqueue 0.00407715 ms)
[05/10/2026-09:24:16] [I] Average on 10 runs - GPU latency: 4.88674 ms - Host latency: 4.88674 ms (enqueue 0.00404053 ms)
[05/10/2026-09:24:16] [I] Average on 10 runs - GPU latency: 4.86956 ms - Host latency: 4.86956 ms (enqueue 0.00422363 ms)
[05/10/2026-09:24:16] [I] Average on 10 runs - GPU latency: 4.90107 ms - Host latency: 4.90107 ms (enqueue 0.00614014 ms)
[05/10/2026-09:24:16] [I] Average on 10 runs - GPU latency: 4.86194 ms - Host latency: 4.86194 ms (enqueue 0.00438232 ms)
[05/10/2026-09:24:16] [I] Average on 10 runs - GPU latency: 4.84844 ms - Host latency: 4.84844 ms (enqueue 0.00439453 ms)
[05/10/2026-09:24:16] [I] Average on 10 runs - GPU latency: 4.81238 ms - Host latency: 4.81238 ms (enqueue 0.00427246 ms)
[05/10/2026-09:24:16] [I] Average on 10 runs - GPU latency: 4.80596 ms - Host latency: 4.80596 ms (enqueue 0.00422363 ms)
[05/10/2026-09:24:16] [I] Average on 10 runs - GPU latency: 4.79713 ms - Host latency: 4.79713 ms (enqueue 0.00408936 ms)
[05/10/2026-09:24:16] [I] Average on 10 runs - GPU latency: 4.75897 ms - Host latency: 4.75897 ms (enqueue 0.00430908 ms)
[05/10/2026-09:24:16] [I] Average on 10 runs - GPU latency: 4.71215 ms - Host latency: 4.71215 ms (enqueue 0.00439453 ms)
[05/10/2026-09:24:16] [I] Average on 10 runs - GPU latency: 4.73331 ms - Host latency: 4.73331 ms (enqueue 0.00461426 ms)
[05/10/2026-09:24:16] [I] Average on 10 runs - GPU latency: 4.71522 ms - Host latency: 4.71522 ms (enqueue 0.00517578 ms)
[05/10/2026-09:24:16] [I] Average on 10 runs - GPU latency: 4.72646 ms - Host latency: 4.72646 ms (enqueue 0.00515137 ms)
[05/10/2026-09:24:16] [I] Average on 10 runs - GPU latency: 4.72015 ms - Host latency: 4.72015 ms (enqueue 0.00505371 ms)
[05/10/2026-09:24:16] [I] Average on 10 runs - GPU latency: 4.80011 ms - Host latency: 4.80011 ms (enqueue 0.00506592 ms)
[05/10/2026-09:24:16] [I] Average on 10 runs - GPU latency: 4.78279 ms - Host latency: 4.78279 ms (enqueue 0.00460205 ms)
[05/10/2026-09:24:16] [I] Average on 10 runs - GPU latency: 4.87228 ms - Host latency: 4.87228 ms (enqueue 0.00720215 ms)
[05/10/2026-09:24:16] [I] Average on 10 runs - GPU latency: 4.88712 ms - Host latency: 4.88712 ms (enqueue 0.00483398 ms)
[05/10/2026-09:24:16] [I] Average on 10 runs - GPU latency: 4.85736 ms - Host latency: 4.85736 ms (enqueue 0.00511475 ms)
[05/10/2026-09:24:16] [I] Average on 10 runs - GPU latency: 4.88887 ms - Host latency: 4.88887 ms (enqueue 0.00472412 ms)
[05/10/2026-09:24:16] [I] Average on 10 runs - GPU latency: 4.88853 ms - Host latency: 4.88853 ms (enqueue 0.00593262 ms)
[05/10/2026-09:24:16] [I] Average on 10 runs - GPU latency: 4.90791 ms - Host latency: 4.90791 ms (enqueue 0.00488281 ms)
[05/10/2026-09:24:16] [I] Average on 10 runs - GPU latency: 4.88774 ms - Host latency: 4.88774 ms (enqueue 0.00522461 ms)
[05/10/2026-09:24:16] [I] Average on 10 runs - GPU latency: 4.84834 ms - Host latency: 4.84834 ms (enqueue 0.00512695 ms)
[05/10/2026-09:24:16] [I] Average on 10 runs - GPU latency: 4.86106 ms - Host latency: 4.86106 ms (enqueue 0.0050293 ms)
[05/10/2026-09:24:16] [I] Average on 10 runs - GPU latency: 4.77456 ms - Host latency: 4.77456 ms (enqueue 0.00476074 ms)
[05/10/2026-09:24:16] [I] Average on 10 runs - GPU latency: 4.77209 ms - Host latency: 4.77209 ms (enqueue 0.00490723 ms)
[05/10/2026-09:24:16] [I] Average on 10 runs - GPU latency: 4.76616 ms - Host latency: 4.76616 ms (enqueue 0.00512695 ms)
[05/10/2026-09:24:16] [I] Average on 10 runs - GPU latency: 4.80149 ms - Host latency: 4.80149 ms (enqueue 0.0048584 ms)
[05/10/2026-09:24:16] [I] Average on 10 runs - GPU latency: 4.73909 ms - Host latency: 4.73909 ms (enqueue 0.00512695 ms)
[05/10/2026-09:24:16] [I] Average on 10 runs - GPU latency: 4.7541 ms - Host latency: 4.7541 ms (enqueue 0.00480957 ms)
[05/10/2026-09:24:16] [I] Average on 10 runs - GPU latency: 4.71775 ms - Host latency: 4.71775 ms (enqueue 0.00495605 ms)
[05/10/2026-09:24:16] [I] Average on 10 runs - GPU latency: 4.70977 ms - Host latency: 4.70977 ms (enqueue 0.00476074 ms)
[05/10/2026-09:24:16] [I] Average on 10 runs - GPU latency: 4.74087 ms - Host latency: 4.74087 ms (enqueue 0.00534668 ms)
[05/10/2026-09:24:16] [I] Average on 10 runs - GPU latency: 4.7531 ms - Host latency: 4.7531 ms (enqueue 0.00490723 ms)
[05/10/2026-09:24:16] [I] Average on 10 runs - GPU latency: 4.81592 ms - Host latency: 4.81592 ms (enqueue 0.00524902 ms)
[05/10/2026-09:24:16] [I] Average on 10 runs - GPU latency: 4.87869 ms - Host latency: 4.87869 ms (enqueue 0.00471191 ms)
[05/10/2026-09:24:16] [I] Average on 10 runs - GPU latency: 4.85654 ms - Host latency: 4.85654 ms (enqueue 0.00737305 ms)
[05/10/2026-09:24:16] [I] Average on 10 runs - GPU latency: 4.86184 ms - Host latency: 4.86184 ms (enqueue 0.00478516 ms)
[05/10/2026-09:24:16] [I] Average on 10 runs - GPU latency: 4.88132 ms - Host latency: 4.88132 ms (enqueue 0.00544434 ms)
[05/10/2026-09:24:16] [I] Average on 10 runs - GPU latency: 4.89727 ms - Host latency: 4.89727 ms (enqueue 0.00500488 ms)
[05/10/2026-09:24:16] [I] Average on 10 runs - GPU latency: 4.85796 ms - Host latency: 4.85796 ms (enqueue 0.00534668 ms)
[05/10/2026-09:24:16] [I] Average on 10 runs - GPU latency: 4.88999 ms - Host latency: 4.88999 ms (enqueue 0.00473633 ms)
[05/10/2026-09:24:16] [I] 
[05/10/2026-09:24:16] [I] === Performance summary ===
[05/10/2026-09:24:16] [I] Throughput: 208.171 qps
[05/10/2026-09:24:16] [I] Latency: min = 4.69504 ms, max = 4.91919 ms, mean = 4.80144 ms, median = 4.79736 ms, percentile(90%) = 4.90808 ms, percentile(95%) = 4.91211 ms, percentile(99%) = 4.91614 ms
[05/10/2026-09:24:16] [I] Enqueue Time: min = 0.00311279 ms, max = 0.0259399 ms, mean = 0.00481664 ms, median = 0.00463867 ms, percentile(90%) = 0.00585938 ms, percentile(95%) = 0.00683594 ms, percentile(99%) = 0.00830078 ms
[05/10/2026-09:24:16] [I] H2D Latency: min = 0 ms, max = 0 ms, mean = 0 ms, median = 0 ms, percentile(90%) = 0 ms, percentile(95%) = 0 ms, percentile(99%) = 0 ms
[05/10/2026-09:24:16] [I] GPU Compute Time: min = 4.69504 ms, max = 4.91919 ms, mean = 4.80144 ms, median = 4.79736 ms, percentile(90%) = 4.90808 ms, percentile(95%) = 4.91211 ms, percentile(99%) = 4.91614 ms
[05/10/2026-09:24:16] [I] D2H Latency: min = 0 ms, max = 0 ms, mean = 0 ms, median = 0 ms, percentile(90%) = 0 ms, percentile(95%) = 0 ms, percentile(99%) = 0 ms
[05/10/2026-09:24:16] [I] Total Host Walltime: 3.01195 s
[05/10/2026-09:24:16] [I] Total GPU Compute Time: 3.0105 s
[05/10/2026-09:24:16] [I] Explanations of the performance metrics are printed in the verbose logs.
[05/10/2026-09:24:16] [I] 
&&&& PASSED TensorRT.trtexec [TensorRT v101401] [b48] # trtexec --onnx=/app/model/yolov8s_seg_metal_nut.onnx --saveEngine=/app/benchmarks/engines/yolov8s_seg_metal_nut_dynamic_b4.engine --timingCacheFile=/app/benchmarks/engines/timing.cache --fp16 --minShapes=images:1x3x640x640 --optShapes=images:4x3x640x640 --maxShapes=images:4x3x640x640 --memPoolSize=workspace:4096M --noDataTransfers --useCudaGraph
